2026-10-09 11:04:32 [INFO] ============================================================
2026-10-09 11:04:32 [INFO] INICI DEL REPORT DE RENDIMENT DEL SISTEMA
2026-10-09 11:04:32 [INFO] ============================================================
2026-10-09 11:04:32 [INFO] Temps total d'activitat: 40.56 segons
2026-10-09 11:04:32 [INFO] Rendiment Stream Vídeo: 0.00 FPS de mitjana
2026-10-09 11:04:32 [INFO] Total de fotogrames processats: 0
2026-10-09 11:04:32 [INFO] Rendiment Renderitzat 3D (Matplotlib): 0.10 FPS de refresc mitjà
2026-10-09 11:04:32 [INFO] Visió Artificial (HuskyLens): 0 objectes a l'historial
2026-10-09 11:04:32 [INFO] Xarxa TCP: S'han registrat 0 anomalies
2026-10-09 11:04:32 [INFO] ============================================================
2026-10-09 11:04:32 [INFO] FI DEL REPORT

2026-10-09 11:06:48 [INFO] ============================================================
2026-10-09 11:06:48 [INFO] INICI DEL REPORT DE RENDIMENT DEL SISTEMA
2026-10-09 11:06:48 [INFO] ============================================================
2026-10-09 11:06:48 [INFO] Temps total d'activitat: 96.49 segons
2026-10-09 11:06:48 [INFO] Rendiment Stream Vídeo: 0.00 FPS de mitjana
2026-10-09 11:06:48 [INFO] Total de fotogrames processats: 0
2026-10-09 11:06:48 [INFO] Rendiment Renderitzat 3D (Matplotlib): 0.04 FPS de refresc mitjà
2026-10-09 11:06:48 [INFO] Visió Artificial (HuskyLens): 0 objectes a l'historial
2026-10-09 11:06:48 [INFO] Xarxa TCP: S'han registrat 0 anomalies
2026-10-09 11:06:48 [INFO] ============================================================
2026-10-09 11:06:48 [INFO] FI DEL REPORT

2026-10-09 11:28:35 [INFO] ============================================================
2026-10-09 11:28:35 [INFO] INICI DEL REPORT DE RENDIMENT DEL SISTEMA
2026-10-09 11:28:35 [INFO] ============================================================
2026-10-09 11:28:35 [INFO] Temps total d'activitat: 267.88 segons
2026-10-09 11:28:35 [INFO] Rendiment Stream Vídeo: 0.00 FPS de mitjana
2026-10-09 11:28:35 [INFO] Total de fotogrames processats: 0
2026-10-09 11:28:35 [INFO] Rendiment Renderitzat 3D (Matplotlib): 0.01 FPS de refresc mitjà
2026-10-09 11:28:35 [INFO] Visió Artificial (HuskyLens): 0 objectes a l'historial
2026-10-09 11:28:35 [INFO] Xarxa TCP: S'han registrat 0 anomalies
2026-10-09 11:28:35 [INFO] ============================================================
2026-10-09 11:28:35 [INFO] FI DEL REPORT

2026-10-09 11:50:31 [INFO] ============================================================
2026-10-09 11:50:31 [INFO] INICI DEL REPORT DE RENDIMENT DEL SISTEMA
2026-10-09 11:50:31 [INFO] ============================================================
2026-10-09 11:50:31 [INFO] Temps total d'activitat: 681.50 segons
2026-10-09 11:50:31 [INFO] Rendiment Stream Vídeo: 0.00 FPS de mitjana
2026-10-09 11:50:31 [INFO] Total de fotogrames processats: 0
2026-10-09 11:50:31 [INFO] Rendiment Renderitzat 3D (Matplotlib): 0.01 FPS de refresc mitjà
2026-10-09 11:50:31 [INFO] Visió Artificial (HuskyLens): 0 objectes a l'historial
2026-10-09 11:50:31 [INFO] Xarxa TCP: S'han registrat 0 anomalies
2026-10-09 11:50:31 [INFO] ============================================================
2026-10-09 11:50:31 [INFO] FI DEL REPORT

