2026-08-21 18:32:19 [INFO] Missió iniciada: mision_20260821_183219
2026-08-21 18:32:19 [INFO] Missió iniciada manualment per l'usuari
2026-08-21 18:32:25 [INFO] Comanda cotxe enviada: F
2026-08-21 18:32:26 [INFO] Comanda cotxe enviada: S
2026-08-21 18:32:26 [INFO] Comanda cotxe enviada: F
2026-08-21 18:32:26 [INFO] Comanda cotxe enviada: S
2026-08-21 18:32:26 [INFO] Comanda cotxe enviada: F
2026-08-21 18:32:27 [INFO] Comanda cotxe enviada: S
2026-08-21 18:32:27 [INFO] Comanda cotxe enviada: F
2026-08-21 18:32:27 [INFO] Comanda cotxe enviada: S
2026-08-21 18:32:27 [INFO] Comanda cotxe enviada: F
2026-08-21 18:32:27 [INFO] Comanda cotxe enviada: S
2026-08-21 18:32:27 [INFO] Comanda cotxe enviada: F
2026-08-21 18:32:27 [INFO] Comanda cotxe enviada: S
2026-08-21 18:32:27 [INFO] Comanda cotxe enviada: F
2026-08-21 18:32:27 [INFO] Comanda cotxe enviada: S
2026-08-21 18:32:27 [INFO] Comanda cotxe enviada: F
2026-08-21 18:32:28 [INFO] Comanda cotxe enviada: S
2026-08-21 18:32:28 [INFO] Comanda cotxe enviada: F
2026-08-21 18:32:28 [INFO] Comanda cotxe enviada: S
2026-08-21 18:32:28 [INFO] Comanda cotxe enviada: F
2026-08-21 18:32:28 [INFO] Comanda cotxe enviada: S
2026-08-21 18:32:28 [INFO] Comanda cotxe enviada: F
2026-08-21 18:32:28 [INFO] Comanda cotxe enviada: S
2026-08-21 18:32:28 [INFO] Comanda cotxe enviada: F
2026-08-21 18:32:28 [INFO] Comanda cotxe enviada: S
2026-08-21 18:32:37 [INFO] Comanda cotxe enviada: S
2026-08-21 18:32:37 [INFO] Comanda cotxe enviada: S
2026-08-21 18:32:37 [INFO] Comanda cotxe enviada: S
2026-08-21 18:32:44 [INFO] Comanda cotxe enviada: F
2026-08-21 18:32:45 [INFO] Comanda cotxe enviada: L
2026-08-21 18:32:45 [INFO] Comanda cotxe enviada: S
2026-08-21 18:32:45 [INFO] Comanda cotxe enviada: S
2026-08-21 18:32:45 [INFO] Comanda cotxe enviada: L
2026-08-21 18:32:46 [INFO] Comanda cotxe enviada: S
2026-08-21 18:32:46 [INFO] Comanda cotxe enviada: R
2026-08-21 18:32:46 [INFO] Comanda cotxe enviada: S
2026-08-21 18:32:46 [INFO] Comanda cotxe enviada: R
2026-08-21 18:32:47 [INFO] Comanda cotxe enviada: S
2026-08-21 18:32:47 [INFO] Comanda cotxe enviada: R
2026-08-21 18:32:47 [INFO] Comanda cotxe enviada: S
2026-08-21 18:32:47 [INFO] Comanda cotxe enviada: F
2026-08-21 18:32:48 [INFO] Comanda cotxe enviada: S
2026-08-21 18:32:48 [INFO] Comanda cotxe enviada: B
2026-08-21 18:32:49 [INFO] Comanda cotxe enviada: S
2026-08-21 18:32:49 [INFO] Comanda cotxe enviada: B
2026-08-21 18:32:50 [INFO] Comanda cotxe enviada: S
2026-08-21 18:32:50 [INFO] Comanda cotxe enviada: R
2026-08-21 18:32:51 [INFO] Comanda cotxe enviada: S
2026-08-21 18:32:51 [INFO] Comanda cotxe enviada: R
2026-08-21 18:32:52 [INFO] Comanda cotxe enviada: S
2026-08-21 18:32:52 [INFO] Comanda cotxe enviada: R
2026-08-21 18:32:52 [INFO] Comanda cotxe enviada: S
2026-08-21 18:32:52 [INFO] Comanda cotxe enviada: R
2026-08-21 18:32:53 [INFO] Comanda cotxe enviada: S
2026-08-21 18:32:53 [INFO] Comanda cotxe enviada: L
2026-08-21 18:32:54 [INFO] Comanda cotxe enviada: S
2026-08-21 18:32:54 [INFO] Comanda cotxe enviada: L
2026-08-21 18:32:56 [INFO] Comanda cotxe enviada: R
2026-08-21 18:32:56 [INFO] Comanda cotxe enviada: S
2026-08-21 18:32:57 [INFO] Comanda cotxe enviada: L
2026-08-21 18:32:57 [INFO] Comanda cotxe enviada: S
2026-08-21 18:32:57 [INFO] Comanda cotxe enviada: S
2026-08-21 18:32:57 [INFO] Comanda cotxe enviada: L
2026-08-21 18:32:57 [INFO] Comanda cotxe enviada: S
2026-08-21 18:33:16 [INFO] Comanda cotxe enviada: R
2026-08-21 18:33:16 [INFO] Comanda cotxe enviada: S
2026-08-21 18:33:17 [INFO] Comanda cotxe enviada: L
2026-08-21 18:33:17 [INFO] Comanda cotxe enviada: S
2026-08-21 18:33:17 [INFO] Comanda cotxe enviada: L
2026-08-21 18:33:19 [INFO] Comanda cotxe enviada: S
2026-08-21 18:33:19 [INFO] Comanda cotxe enviada: R
2026-08-21 18:33:19 [INFO] Comanda cotxe enviada: S
2026-08-21 18:33:19 [INFO] Comanda cotxe enviada: R
2026-08-21 18:33:20 [INFO] Comanda cotxe enviada: S
2026-08-21 18:33:20 [INFO] Comanda cotxe enviada: R
2026-08-21 18:33:20 [INFO] Comanda cotxe enviada: S
2026-08-21 18:33:20 [INFO] Comanda cotxe enviada: R
2026-08-21 18:33:20 [INFO] Comanda cotxe enviada: S
2026-08-21 18:33:20 [INFO] Comanda cotxe enviada: R
2026-08-21 18:33:20 [INFO] Comanda cotxe enviada: S
2026-08-21 18:33:20 [INFO] Comanda cotxe enviada: R
2026-08-21 18:33:20 [INFO] Comanda cotxe enviada: F
2026-08-21 18:33:20 [INFO] Comanda cotxe enviada: S
2026-08-21 18:33:21 [INFO] Comanda cotxe enviada: S
2026-08-21 18:33:21 [INFO] Comanda cotxe enviada: F
2026-08-21 18:33:21 [INFO] Comanda cotxe enviada: S
2026-08-21 18:33:21 [INFO] Comanda cotxe enviada: F
2026-08-21 18:33:21 [INFO] Comanda cotxe enviada: S
2026-08-21 18:33:22 [INFO] Comanda cotxe enviada: B
2026-08-21 18:33:22 [INFO] Comanda cotxe enviada: S
2026-08-21 18:33:22 [INFO] Comanda cotxe enviada: F
2026-08-21 18:33:22 [INFO] Comanda cotxe enviada: S
2026-08-21 18:33:23 [INFO] Comanda cotxe enviada: B
2026-08-21 18:33:23 [INFO] Comanda cotxe enviada: S
2026-08-21 18:33:23 [INFO] Comanda cotxe enviada: F
2026-08-21 18:33:23 [INFO] Comanda cotxe enviada: S
2026-08-21 18:33:24 [INFO] Comanda cotxe enviada: B
2026-08-21 18:33:24 [INFO] Comanda cotxe enviada: S
2026-08-21 18:33:24 [INFO] Comanda cotxe enviada: F
2026-08-21 18:33:24 [INFO] Comanda cotxe enviada: S
2026-08-21 18:33:24 [INFO] Comanda cotxe enviada: B
2026-08-21 18:33:25 [INFO] Comanda cotxe enviada: S
2026-08-21 18:33:25 [INFO] Comanda cotxe enviada: B
2026-08-21 18:33:25 [INFO] Comanda cotxe enviada: S
2026-08-21 18:33:25 [INFO] Comanda cotxe enviada: B
2026-08-21 18:33:25 [INFO] Comanda cotxe enviada: S
2026-08-21 18:33:25 [INFO] Comanda cotxe enviada: B
2026-08-21 18:33:26 [INFO] Comanda cotxe enviada: S
2026-08-21 18:33:26 [INFO] Comanda cotxe enviada: B
2026-08-21 18:33:26 [INFO] Comanda cotxe enviada: S
2026-08-21 18:33:26 [INFO] Comanda cotxe enviada: F
2026-08-21 18:33:27 [INFO] Comanda cotxe enviada: S
2026-08-21 18:34:05 [INFO] Comanda cotxe enviada: S
2026-08-21 18:34:09 [INFO] Missió finalitzada manualment per l'usuari
2026-08-21 18:34:09 [INFO] Missió finalitzada. Duració: 0:01:50
