2026-08-21 18:24:47 [INFO] Missió iniciada: mision_20260821_182447
2026-08-21 18:24:47 [INFO] Missió iniciada manualment per l'usuari
2026-08-21 18:24:50 [WARNING] Càmera desconnectada (connexió tancada): 192.168.137.156
2026-08-21 18:24:51 [INFO] Càmera connectada: 192.168.137.156
2026-08-21 18:24:52 [INFO] Comanda cotxe enviada: L
2026-08-21 18:24:52 [INFO] Comanda cotxe enviada: S
2026-08-21 18:24:52 [INFO] Comanda cotxe enviada: L
2026-08-21 18:24:52 [INFO] Comanda cotxe enviada: S
2026-08-21 18:24:53 [INFO] Comanda cotxe enviada: L
2026-08-21 18:24:53 [INFO] Comanda cotxe enviada: S
2026-08-21 18:24:53 [INFO] Comanda cotxe enviada: L
2026-08-21 18:24:53 [INFO] Comanda cotxe enviada: S
2026-08-21 18:24:53 [INFO] Comanda cotxe enviada: F
2026-08-21 18:24:53 [INFO] Comanda cotxe enviada: S
2026-08-21 18:24:54 [INFO] Comanda cotxe enviada: L
2026-08-21 18:24:54 [INFO] Comanda cotxe enviada: S
2026-08-21 18:24:54 [INFO] Comanda cotxe enviada: L
2026-08-21 18:24:54 [INFO] Comanda cotxe enviada: S
2026-08-21 18:24:55 [INFO] Comanda cotxe enviada: R
2026-08-21 18:24:55 [INFO] Comanda cotxe enviada: S
2026-08-21 18:24:55 [INFO] Comanda cotxe enviada: R
2026-08-21 18:24:55 [INFO] Comanda cotxe enviada: S
2026-08-21 18:24:55 [INFO] Comanda cotxe enviada: F
2026-08-21 18:24:56 [INFO] Comanda cotxe enviada: S
2026-08-21 18:24:56 [INFO] Comanda cotxe enviada: F
2026-08-21 18:24:56 [INFO] Comanda cotxe enviada: S
2026-08-21 18:24:56 [INFO] Comanda cotxe enviada: R
2026-08-21 18:24:57 [INFO] Comanda cotxe enviada: S
2026-08-21 18:24:57 [INFO] Comanda cotxe enviada: R
2026-08-21 18:24:57 [INFO] Comanda cotxe enviada: S
2026-08-21 18:24:57 [INFO] Comanda cotxe enviada: R
2026-08-21 18:24:57 [INFO] Comanda cotxe enviada: S
2026-08-21 18:24:57 [INFO] Comanda cotxe enviada: R
2026-08-21 18:24:57 [INFO] Comanda cotxe enviada: S
2026-08-21 18:24:57 [INFO] Comanda cotxe enviada: R
2026-08-21 18:24:58 [INFO] Comanda cotxe enviada: S
2026-08-21 18:24:58 [INFO] Comanda cotxe enviada: F
2026-08-21 18:24:58 [INFO] Comanda cotxe enviada: S
2026-08-21 18:24:58 [INFO] Comanda cotxe enviada: F
2026-08-21 18:24:58 [INFO] Comanda cotxe enviada: S
2026-08-21 18:24:58 [INFO] Comanda cotxe enviada: F
2026-08-21 18:24:59 [INFO] Comanda cotxe enviada: S
2026-08-21 18:24:59 [INFO] Comanda cotxe enviada: B
2026-08-21 18:24:59 [INFO] Comanda cotxe enviada: S
2026-08-21 18:24:59 [INFO] Comanda cotxe enviada: B
2026-08-21 18:24:59 [INFO] Comanda cotxe enviada: S
2026-08-21 18:24:59 [INFO] Comanda cotxe enviada: B
2026-08-21 18:24:59 [INFO] Comanda cotxe enviada: S
2026-08-21 18:24:59 [INFO] Comanda cotxe enviada: B
2026-08-21 18:25:00 [INFO] Comanda cotxe enviada: S
2026-08-21 18:25:00 [INFO] Comanda cotxe enviada: S
2026-08-21 18:25:00 [INFO] Comanda cotxe enviada: E
2026-08-21 18:25:00 [INFO] Comanda cotxe enviada: Q
2026-08-21 18:25:01 [INFO] Comanda cotxe enviada: Q
2026-08-21 18:25:02 [INFO] Comanda cotxe enviada: E
2026-08-21 18:25:02 [INFO] Comanda cotxe enviada: E
2026-08-21 18:25:03 [INFO] Comanda cotxe enviada: F
2026-08-21 18:25:03 [INFO] Comanda cotxe enviada: S
2026-08-21 18:25:03 [INFO] Comanda cotxe enviada: B
2026-08-21 18:25:04 [INFO] Comanda cotxe enviada: S
2026-08-21 18:25:04 [INFO] Comanda cotxe enviada: B
2026-08-21 18:25:04 [INFO] Comanda cotxe enviada: S
2026-08-21 18:25:04 [INFO] Comanda cotxe enviada: F
2026-08-21 18:25:04 [INFO] Comanda cotxe enviada: S
2026-08-21 18:25:04 [INFO] Comanda cotxe enviada: F
2026-08-21 18:25:04 [INFO] Comanda cotxe enviada: S
2026-08-21 18:25:06 [INFO] Comanda cotxe enviada: B
2026-08-21 18:25:06 [INFO] Comanda cotxe enviada: S
2026-08-21 18:25:06 [INFO] Comanda cotxe enviada: B
2026-08-21 18:25:06 [INFO] Comanda cotxe enviada: S
2026-08-21 18:25:06 [INFO] Comanda cotxe enviada: F
2026-08-21 18:25:07 [INFO] Comanda cotxe enviada: S
2026-08-21 18:25:07 [INFO] Comanda cotxe enviada: F
2026-08-21 18:25:07 [INFO] Comanda cotxe enviada: S
2026-08-21 18:25:07 [INFO] Comanda cotxe enviada: B
2026-08-21 18:25:08 [INFO] Comanda cotxe enviada: S
2026-08-21 18:25:08 [INFO] Comanda cotxe enviada: F
2026-08-21 18:25:08 [INFO] Comanda cotxe enviada: S
2026-08-21 18:25:08 [INFO] Comanda cotxe enviada: B
2026-08-21 18:25:08 [INFO] Comanda cotxe enviada: R
2026-08-21 18:25:08 [INFO] Comanda cotxe enviada: S
2026-08-21 18:25:09 [INFO] Comanda cotxe enviada: L
2026-08-21 18:25:09 [INFO] Comanda cotxe enviada: S
2026-08-21 18:25:09 [INFO] Comanda cotxe enviada: F
2026-08-21 18:25:09 [INFO] Comanda cotxe enviada: S
2026-08-21 18:25:10 [INFO] Comanda cotxe enviada: S
2026-08-21 18:25:10 [INFO] Comanda cotxe enviada: B
2026-08-21 18:25:10 [INFO] Comanda cotxe enviada: S
2026-08-21 18:25:12 [INFO] Comanda cotxe enviada: S
2026-08-21 18:25:13 [WARNING] Càmera desconnectada (connexió tancada): 192.168.137.156
2026-08-21 18:25:18 [INFO] Missió finalitzada manualment per l'usuari
2026-08-21 18:25:18 [INFO] Missió finalitzada. Duració: 0:00:31
